Archive member included to satisfy reference by file (symbol)

/usr/bin/../lib/gcc/arm-none-eabi/10.2.1/thumb/v6-m/nofp/libgcc.a(_dvmd_tls.o)
                              CMakeFiles/my_proj.dir/home/exr0n/snap/raspberrypi_pico/pico-sdk/src/rp2_common/pico_divider/divider.S.obj (__aeabi_idiv0)
/usr/bin/../lib/gcc/arm-none-eabi/10.2.1/../../../../arm-none-eabi/lib/thumb/v6-m/nofp/libc.a(lib_a-calloc.o)
                              CMakeFiles/my_proj.dir/home/exr0n/snap/raspberrypi_pico/pico-sdk/src/rp2_common/pico_malloc/pico_malloc.c.obj (calloc)
/usr/bin/../lib/gcc/arm-none-eabi/10.2.1/../../../../arm-none-eabi/lib/thumb/v6-m/nofp/libc.a(lib_a-callocr.o)
                              /usr/bin/../lib/gcc/arm-none-eabi/10.2.1/../../../../arm-none-eabi/lib/thumb/v6-m/nofp/libc.a(lib_a-calloc.o) (_calloc_r)
/usr/bin/../lib/gcc/arm-none-eabi/10.2.1/../../../../arm-none-eabi/lib/thumb/v6-m/nofp/libc.a(lib_a-impure.o)
                              /usr/bin/../lib/gcc/arm-none-eabi/10.2.1/../../../../arm-none-eabi/lib/thumb/v6-m/nofp/libc.a(lib_a-calloc.o) (_impure_ptr)
/usr/bin/../lib/gcc/arm-none-eabi/10.2.1/../../../../arm-none-eabi/lib/thumb/v6-m/nofp/libc.a(lib_a-init.o)
                              /usr/bin/../lib/gcc/arm-none-eabi/10.2.1/../../../../arm-none-eabi/lib/thumb/v6-m/nofp/crt0.o (__libc_init_array)
/usr/bin/../lib/gcc/arm-none-eabi/10.2.1/../../../../arm-none-eabi/lib/thumb/v6-m/nofp/libc.a(lib_a-malloc.o)
                              CMakeFiles/my_proj.dir/home/exr0n/snap/raspberrypi_pico/pico-sdk/src/rp2_common/pico_malloc/pico_malloc.c.obj (malloc)
/usr/bin/../lib/gcc/arm-none-eabi/10.2.1/../../../../arm-none-eabi/lib/thumb/v6-m/nofp/libc.a(lib_a-mallocr.o)
                              /usr/bin/../lib/gcc/arm-none-eabi/10.2.1/../../../../arm-none-eabi/lib/thumb/v6-m/nofp/libc.a(lib_a-callocr.o) (_malloc_r)
/usr/bin/../lib/gcc/arm-none-eabi/10.2.1/../../../../arm-none-eabi/lib/thumb/v6-m/nofp/libc.a(lib_a-mlock.o)
                              /usr/bin/../lib/gcc/arm-none-eabi/10.2.1/../../../../arm-none-eabi/lib/thumb/v6-m/nofp/libc.a(lib_a-mallocr.o) (__malloc_lock)
/usr/bin/../lib/gcc/arm-none-eabi/10.2.1/../../../../arm-none-eabi/lib/thumb/v6-m/nofp/libc.a(lib_a-sbrkr.o)
                              /usr/bin/../lib/gcc/arm-none-eabi/10.2.1/../../../../arm-none-eabi/lib/thumb/v6-m/nofp/libc.a(lib_a-mallocr.o) (_sbrk_r)
/usr/bin/../lib/gcc/arm-none-eabi/10.2.1/../../../../arm-none-eabi/lib/thumb/v6-m/nofp/libc.a(lib_a-strlen-stub.o)
                              CMakeFiles/my_proj.dir/home/exr0n/snap/raspberrypi_pico/pico-sdk/src/rp2_common/pico_stdio/stdio.c.obj (strlen)
/usr/bin/../lib/gcc/arm-none-eabi/10.2.1/../../../../arm-none-eabi/lib/thumb/v6-m/nofp/libc.a(lib_a-freer.o)
                              /usr/bin/../lib/gcc/arm-none-eabi/10.2.1/../../../../arm-none-eabi/lib/thumb/v6-m/nofp/libc.a(lib_a-malloc.o) (_free_r)
/usr/bin/../lib/gcc/arm-none-eabi/10.2.1/../../../../arm-none-eabi/lib/thumb/v6-m/nofp/libc.a(lib_a-lock.o)
                              /usr/bin/../lib/gcc/arm-none-eabi/10.2.1/../../../../arm-none-eabi/lib/thumb/v6-m/nofp/libc.a(lib_a-mlock.o) (__retarget_lock_acquire_recursive)
/usr/bin/../lib/gcc/arm-none-eabi/10.2.1/../../../../arm-none-eabi/lib/thumb/v6-m/nofp/libc.a(lib_a-reent.o)
                              /usr/bin/../lib/gcc/arm-none-eabi/10.2.1/../../../../arm-none-eabi/lib/thumb/v6-m/nofp/libc.a(lib_a-sbrkr.o) (errno)

Discarded input sections

 .text          0x0000000000000000        0x0 /usr/bin/../lib/gcc/arm-none-eabi/10.2.1/thumb/v6-m/nofp/crti.o
 .data          0x0000000000000000        0x0 /usr/bin/../lib/gcc/arm-none-eabi/10.2.1/thumb/v6-m/nofp/crti.o
 .bss           0x0000000000000000        0x0 /usr/bin/../lib/gcc/arm-none-eabi/10.2.1/thumb/v6-m/nofp/crti.o
 .data          0x0000000000000000        0x4 /usr/bin/../lib/gcc/arm-none-eabi/10.2.1/thumb/v6-m/nofp/crtbegin.o
 .rodata        0x0000000000000000       0x24 /usr/bin/../lib/gcc/arm-none-eabi/10.2.1/thumb/v6-m/nofp/crtbegin.o
 .fini_array    0x0000000000000000        0x4 /usr/bin/../lib/gcc/arm-none-eabi/10.2.1/thumb/v6-m/nofp/crtbegin.o
 .text          0x0000000000000000       0x80 /usr/bin/../lib/gcc/arm-none-eabi/10.2.1/../../../../arm-none-eabi/lib/thumb/v6-m/nofp/crt0.o
 .data          0x0000000000000000        0x0 /usr/bin/../lib/gcc/arm-none-eabi/10.2.1/../../../../arm-none-eabi/lib/thumb/v6-m/nofp/crt0.o
 .bss           0x0000000000000000        0x0 /usr/bin/../lib/gcc/arm-none-eabi/10.2.1/../../../../arm-none-eabi/lib/thumb/v6-m/nofp/crt0.o
 .ARM.extab     0x0000000000000000        0x0 /usr/bin/../lib/gcc/arm-none-eabi/10.2.1/../../../../arm-none-eabi/lib/thumb/v6-m/nofp/crt0.o
 .ARM.exidx     0x0000000000000000       0x10 /usr/bin/../lib/gcc/arm-none-eabi/10.2.1/../../../../arm-none-eabi/lib/thumb/v6-m/nofp/crt0.o
 .ARM.attributes
                0x0000000000000000       0x1b /usr/bin/../lib/gcc/arm-none-eabi/10.2.1/../../../../arm-none-eabi/lib/thumb/v6-m/nofp/crt0.o
[...]
Memory Configuration

Name             Origin             Length             Attributes
FLASH            0x0000000010000000 0x0000000000200000 xr
RAM              0x0000000020000000 0x0000000000040000 xrw
SCRATCH_X        0x0000000020040000 0x0000000000001000 xrw
SCRATCH_Y        0x0000000020041000 0x0000000000001000 xrw
*default*        0x0000000000000000 0xffffffffffffffff

Linker script and memory map

LOAD /usr/bin/../lib/gcc/arm-none-eabi/10.2.1/thumb/v6-m/nofp/crti.o
LOAD /usr/bin/../lib/gcc/arm-none-eabi/10.2.1/thumb/v6-m/nofp/crtbegin.o
LOAD /usr/bin/../lib/gcc/arm-none-eabi/10.2.1/../../../../arm-none-eabi/lib/thumb/v6-m/nofp/crt0.o

.flash_begin    0x0000000010000000        0x0
                0x0000000010000000                __flash_binary_start = .

.boot2          0x0000000010000000      0x100
                0x0000000010000000                __boot2_start__ = .
 *(.boot2)
 .boot2         0x0000000010000000      0x100 /tmp/ccmIlhRM.o
                0x0000000010000100                __boot2_end__ = .
                0x0000000000000001                ASSERT (((__boot2_end__ - __boot2_start__) == 0x100), ERROR: Pico second stage bootloader must be 256 bytes in size)

.text           0x0000000010000100     0x2508
                0x0000000010000100                __logical_binary_start = .
 *(.vectors)
 .vectors       0x0000000010000100       0xd4 CMakeFiles/my_proj.dir/home/exr0n/snap/raspberrypi_pico/pico-sdk/src/rp2_common/pico_standard_link/crt0.S.obj
                0x0000000010000100                __vectors
                0x00000000100001c0                isr_invalid
                0x00000000100001c2                isr_nmi
                0x00000000100001c4                isr_hardfault
                0x00000000100001c6                isr_svcall
                0x00000000100001c8                isr_pendsv
                0x00000000100001ca                isr_systick
                0x00000000100001cc                isr_irq30
                0x00000000100001cc                __unhandled_user_irq
                0x00000000100001cc                isr_irq13
                0x00000000100001cc                isr_irq27
                0x00000000100001cc                isr_irq31
                0x00000000100001cc                isr_irq5
                0x00000000100001cc                isr_irq11
                0x00000000100001cc                isr_irq23
                0x00000000100001cc                isr_irq18
                0x00000000100001cc                isr_irq28
                0x00000000100001cc                isr_irq19
                0x00000000100001cc                isr_irq0
                0x00000000100001cc                isr_irq6
                0x00000000100001cc                isr_irq22
                0x00000000100001cc                isr_irq17
                0x00000000100001cc                isr_irq14
                0x00000000100001cc                isr_irq2
                0x00000000100001cc                isr_irq10
                0x00000000100001cc                isr_irq8
                0x00000000100001cc                isr_irq24
                0x00000000100001cc                isr_irq1
                0x00000000100001cc                isr_irq7
                0x00000000100001cc                isr_irq21
                0x00000000100001cc                isr_irq20
                0x00000000100001cc                isr_irq15
                0x00000000100001cc                isr_irq25
                0x00000000100001cc                isr_irq4
                0x00000000100001cc                isr_irq16
                0x00000000100001cc                isr_irq29
                0x00000000100001cc                isr_irq26
                0x00000000100001cc                isr_irq3
                0x00000000100001cc                isr_irq12
                0x00000000100001cc                isr_irq9
                0x00000000100001d2                unhandled_user_irq_num_in_r0
 *(.binary_info_header)
 .binary_info_header
                0x00000000100001d4       0x14 CMakeFiles/my_proj.dir/home/exr0n/snap/raspberrypi_pico/pico-sdk/src/rp2_common/pico_standard_link/crt0.S.obj
                0x00000000100001e8                __binary_info_header_end = .
 *(.reset)
 .reset         0x00000000100001e8       0xa8 CMakeFiles/my_proj.dir/home/exr0n/snap/raspberrypi_pico/pico-sdk/src/rp2_common/pico_standard_link/crt0.S.obj
                0x00000000100001e8                _entry_point
                0x0000000010000266                __get_current_exception
 .reset         0x0000000010000290       0x30 CMakeFiles/my_proj.dir/home/exr0n/snap/raspberrypi_pico/pico-sdk/src/rp2_common/pico_standard_link/binary_info.c.obj
 *(.init)
 .init          0x00000000100002c0        0x4 /usr/bin/../lib/gcc/arm-none-eabi/10.2.1/thumb/v6-m/nofp/crti.o
                0x00000000100002c0                _init
 *(EXCLUDE_FILE(*libm.a: *libc.a:*lib_a-mem*.o *libgcc.a:) .text*)
 .text          0x00000000100002c4       0x48 /usr/bin/../lib/gcc/arm-none-eabi/10.2.1/thumb/v6-m/nofp/crtbegin.o
 .text.startup.main
                0x000000001000030c       0x24 CMakeFiles/my_proj.dir/main.c.obj
                0x000000001000030c                main
 .text.gpio_init
                0x0000000010000330       0x3c CMakeFiles/my_proj.dir/home/exr0n/snap/raspberrypi_pico/pico-sdk/src/rp2_common/hardware_gpio/gpio.c.obj
                0x0000000010000330                gpio_init
 .text.hw_claim_or_assert
                0x000000001000036c       0x58 CMakeFiles/my_proj.dir/home/exr0n/snap/raspberrypi_pico/pico-sdk/src/rp2_common/hardware_claim/claim.c.obj
                0x000000001000036c                hw_claim_or_assert
 .text.spin_locks_reset
                0x00000000100003c4       0x1c CMakeFiles/my_proj.dir/home/exr0n/snap/raspberrypi_pico/pico-sdk/src/rp2_common/hardware_sync/sync.c.obj
                0x00000000100003c4                spin_locks_reset
 .text.next_striped_spin_lock_num
                0x00000000100003e0       0x18 CMakeFiles/my_proj.dir/home/exr0n/snap/raspberrypi_pico/pico-sdk/src/rp2_common/hardware_sync/sync.c.obj
                0x00000000100003e0                next_striped_spin_lock_num
 .text.running_on_fpga
                0x00000000100003f8       0x10 CMakeFiles/my_proj.dir/home/exr0n/snap/raspberrypi_pico/pico-sdk/src/rp2_common/pico_platform/platform.c.obj
                0x00000000100003f8                running_on_fpga
 .text.timer_pool_entry_comparator
                0x0000000010000408       0x34 CMakeFiles/my_proj.dir/home/exr0n/snap/raspberrypi_pico/pico-sdk/src/common/pico_time/time.c.obj
                0x0000000010000408                timer_pool_entry_comparator
 .text.sev_callback
                0x000000001000043c        0x8 CMakeFiles/my_proj.dir/home/exr0n/snap/raspberrypi_pico/pico-sdk/src/common/pico_time/time.c.obj
 .text.add_alarm_under_lock.isra.0
                0x0000000010000444      0x120 CMakeFiles/my_proj.dir/home/exr0n/snap/raspberrypi_pico/pico-sdk/src/common/pico_time/time.c.obj
 .text.alarm_pool_alarm_callback
                0x0000000010000564      0x1c8 CMakeFiles/my_proj.dir/home/exr0n/snap/raspberrypi_pico/pico-sdk/src/common/pico_time/time.c.obj
 .text.alarm_pool_add_alarm_at.constprop.0
                0x000000001000072c      0x11c CMakeFiles/my_proj.dir/home/exr0n/snap/raspberrypi_pico/pico-sdk/src/common/pico_time/time.c.obj
 .text.alarm_pool_init_default
                0x0000000010000848       0x78 CMakeFiles/my_proj.dir/home/exr0n/snap/raspberrypi_pico/pico-sdk/src/common/pico_time/time.c.obj
                0x0000000010000848                alarm_pool_init_default
 .text.sleep_ms
                0x00000000100008c0       0xb8 CMakeFiles/my_proj.dir/home/exr0n/snap/raspberrypi_pico/pico-sdk/src/common/pico_time/time.c.obj
                0x00000000100008c0                sleep_ms
 .text.hardware_alarm_irq_handler
                0x0000000010000978       0xb8 CMakeFiles/my_proj.dir/home/exr0n/snap/raspberrypi_pico/pico-sdk/src/rp2_common/hardware_timer/timer.c.obj
 .text.hardware_alarm_claim
                0x0000000010000a30       0x18 CMakeFiles/my_proj.dir/home/exr0n/snap/raspberrypi_pico/pico-sdk/src/rp2_common/hardware_timer/timer.c.obj
                0x0000000010000a30                hardware_alarm_claim
 .text.time_us_64
                0x0000000010000a48       0x14 CMakeFiles/my_proj.dir/home/exr0n/snap/raspberrypi_pico/pico-sdk/src/rp2_common/hardware_timer/timer.c.obj
                0x0000000010000a48                time_us_64
 .text.busy_wait_until
                0x0000000010000a5c       0x20 CMakeFiles/my_proj.dir/home/exr0n/snap/raspberrypi_pico/pico-sdk/src/rp2_common/hardware_timer/timer.c.obj
                0x0000000010000a5c                busy_wait_until
 .text.hardware_alarm_set_callback
                0x0000000010000a7c       0x8c CMakeFiles/my_proj.dir/home/exr0n/snap/raspberrypi_pico/pico-sdk/src/rp2_common/hardware_timer/timer.c.obj
                0x0000000010000a7c                hardware_alarm_set_callback
 .text.hardware_alarm_set_target
                0x0000000010000b08       0xc4 CMakeFiles/my_proj.dir/home/exr0n/snap/raspberrypi_pico/pico-sdk/src/rp2_common/hardware_timer/timer.c.obj
                0x0000000010000b08                hardware_alarm_set_target
 .text.hardware_alarm_cancel
                0x0000000010000bcc       0x3c CMakeFiles/my_proj.dir/home/exr0n/snap/raspberrypi_pico/pico-sdk/src/rp2_common/hardware_timer/timer.c.obj
                0x0000000010000bcc                hardware_alarm_cancel
 .text.lock_init
                0x0000000010000c08       0x10 CMakeFiles/my_proj.dir/home/exr0n/snap/raspberrypi_pico/pico-sdk/src/common/pico_sync/lock_core.c.obj
                0x0000000010000c08                lock_init
 .text.mutex_init
                0x0000000010000c18       0x1c CMakeFiles/my_proj.dir/home/exr0n/snap/raspberrypi_pico/pico-sdk/src/common/pico_sync/mutex.c.obj
                0x0000000010000c18                mutex_init
 .text.ph_merge_nodes
                0x0000000010000c34       0x68 CMakeFiles/my_proj.dir/home/exr0n/snap/raspberrypi_pico/pico-sdk/src/common/pico_util/pheap.c.obj
 .text.ph_create
                0x0000000010000c9c       0x64 CMakeFiles/my_proj.dir/home/exr0n/snap/raspberrypi_pico/pico-sdk/src/common/pico_util/pheap.c.obj
                0x0000000010000c9c                ph_create
 .text.ph_merge_two_pass
                0x0000000010000d00       0x90 CMakeFiles/my_proj.dir/home/exr0n/snap/raspberrypi_pico/pico-sdk/src/common/pico_util/pheap.c.obj
                0x0000000010000d00                ph_merge_two_pass
 .text.ph_remove_any_head
                0x0000000010000d90       0xf8 CMakeFiles/my_proj.dir/home/exr0n/snap/raspberrypi_pico/pico-sdk/src/common/pico_util/pheap.c.obj
 .text.ph_remove_head_reserve
                0x0000000010000e88       0xfc CMakeFiles/my_proj.dir/home/exr0n/snap/raspberrypi_pico/pico-sdk/src/common/pico_util/pheap.c.obj
                0x0000000010000e88                ph_remove_head_reserve
 .text.ph_delete
                0x0000000010000f84       0x7c CMakeFiles/my_proj.dir/home/exr0n/snap/raspberrypi_pico/pico-sdk/src/common/pico_util/pheap.c.obj
                0x0000000010000f84                ph_delete
 .text.runtime_init
                0x0000000010001000       0xec CMakeFiles/my_proj.dir/home/exr0n/snap/raspberrypi_pico/pico-sdk/src/rp2_common/pico_runtime/runtime.c.obj
                0x0000000010001000                runtime_init
 .text._sbrk    0x00000000100010ec       0x34 CMakeFiles/my_proj.dir/home/exr0n/snap/raspberrypi_pico/pico-sdk/src/rp2_common/pico_runtime/runtime.c.obj
                0x00000000100010ec                _sbrk
 .text.exit     0x0000000010001120        0x4 CMakeFiles/my_proj.dir/home/exr0n/snap/raspberrypi_pico/pico-sdk/src/rp2_common/pico_runtime/runtime.c.obj
                0x0000000010001120                exit
 .text.panic    0x0000000010001124       0x30 CMakeFiles/my_proj.dir/home/exr0n/snap/raspberrypi_pico/pico-sdk/src/rp2_common/pico_runtime/runtime.c.obj
                0x0000000010001124                panic
 .text.hard_assertion_failure
                0x0000000010001154        0xc CMakeFiles/my_proj.dir/home/exr0n/snap/raspberrypi_pico/pico-sdk/src/rp2_common/pico_runtime/runtime.c.obj
                0x0000000010001154                hard_assertion_failure
 .text.clocks_init
                0x0000000010001160      0x2e0 CMakeFiles/my_proj.dir/home/exr0n/snap/raspberrypi_pico/pico-sdk/src/rp2_common/hardware_clocks/clocks.c.obj
                0x0000000010001160                clocks_init
 .text.watchdog_start_tick
                0x0000000010001440       0x10 CMakeFiles/my_proj.dir/home/exr0n/snap/raspberrypi_pico/pico-sdk/src/rp2_common/hardware_watchdog/watchdog.c.obj
                0x0000000010001440                watchdog_start_tick
 .text.xosc_init
                0x0000000010001450       0x28 CMakeFiles/my_proj.dir/home/exr0n/snap/raspberrypi_pico/pico-sdk/src/rp2_common/hardware_xosc/xosc.c.obj
                0x0000000010001450                xosc_init
 .text.pll_init
                0x0000000010001478       0x5c CMakeFiles/my_proj.dir/home/exr0n/snap/raspberrypi_pico/pico-sdk/src/rp2_common/hardware_pll/pll.c.obj
                0x0000000010001478                pll_init
 .text.irq_set_enabled
                0x00000000100014d4       0x24 CMakeFiles/my_proj.dir/home/exr0n/snap/raspberrypi_pico/pico-sdk/src/rp2_common/hardware_irq/irq.c.obj
                0x00000000100014d4                irq_set_enabled
 .text.irq_get_vtable_handler
                0x00000000100014f8       0x10 CMakeFiles/my_proj.dir/home/exr0n/snap/raspberrypi_pico/pico-sdk/src/rp2_common/hardware_irq/irq.c.obj
                0x00000000100014f8                irq_get_vtable_handler
 .text.irq_set_exclusive_handler
                0x0000000010001508       0x54 CMakeFiles/my_proj.dir/home/exr0n/snap/raspberrypi_pico/pico-sdk/src/rp2_common/hardware_irq/irq.c.obj
                0x0000000010001508                irq_set_exclusive_handler
 .text.irq_remove_handler
                0x000000001000155c      0x1c0 CMakeFiles/my_proj.dir/home/exr0n/snap/raspberrypi_pico/pico-sdk/src/rp2_common/hardware_irq/irq.c.obj
                0x000000001000155c                irq_remove_handler
 .text.irq_add_tail_to_free_list
                0x000000001000171c       0xbc CMakeFiles/my_proj.dir/home/exr0n/snap/raspberrypi_pico/pico-sdk/src/rp2_common/hardware_irq/irq.c.obj
                0x000000001000171c                irq_add_tail_to_free_list
 .text.irq_init_priorities
                0x00000000100017d8       0x38 CMakeFiles/my_proj.dir/home/exr0n/snap/raspberrypi_pico/pico-sdk/src/rp2_common/hardware_irq/irq.c.obj
                0x00000000100017d8                irq_init_priorities
 .text._out_char
                0x0000000010001810       0x10 CMakeFiles/my_proj.dir/home/exr0n/snap/raspberrypi_pico/pico-sdk/src/rp2_common/pico_printf/printf.c.obj
 .text.weak_raw_vprintf
                0x0000000010001820       0x30 CMakeFiles/my_proj.dir/home/exr0n/snap/raspberrypi_pico/pico-sdk/src/rp2_common/pico_printf/printf.c.obj
                0x0000000010001820                weak_raw_vprintf
 .text          0x0000000010001850       0x10 CMakeFiles/my_proj.dir/home/exr0n/snap/raspberrypi_pico/pico-sdk/src/rp2_common/pico_bit_ops/bit_ops_aeabi.S.obj
 .text.rom_func_lookup
                0x0000000010001860       0x10 CMakeFiles/my_proj.dir/home/exr0n/snap/raspberrypi_pico/pico-sdk/src/rp2_common/pico_bootrom/bootrom.c.obj
                0x0000000010001860                rom_func_lookup
 .text.rom_data_lookup
                0x0000000010001870       0x10 CMakeFiles/my_proj.dir/home/exr0n/snap/raspberrypi_pico/pico-sdk/src/rp2_common/pico_bootrom/bootrom.c.obj
                0x0000000010001870                rom_data_lookup
 .text.rom_funcs_lookup
                0x0000000010001880       0x44 CMakeFiles/my_proj.dir/home/exr0n/snap/raspberrypi_pico/pico-sdk/src/rp2_common/pico_bootrom/bootrom.c.obj
                0x0000000010001880                rom_funcs_lookup
 .text.__wrap___aeabi_uidiv
                0x00000000100018c4       0x54 CMakeFiles/my_proj.dir/home/exr0n/snap/raspberrypi_pico/pico-sdk/src/rp2_common/pico_divider/divider.S.obj
                0x00000000100018c4                __wrap___aeabi_uidiv
                0x00000000100018c4                __wrap___aeabi_uidivmod
                0x00000000100018c4                div_u32u32
                0x00000000100018c4                divmod_u32u32
                0x00000000100018cc                divmod_u32u32_unsafe
                0x00000000100018f4                divmod_u32u32_savestate
 .text.__aeabi_double_init
                0x0000000010001918       0x80 CMakeFiles/my_proj.dir/home/exr0n/snap/raspberrypi_pico/pico-sdk/src/rp2_common/pico_double/double_init_rom.c.obj
                0x0000000010001918                __aeabi_double_init
 .text.double_table_shim_on_use_helper
                0x0000000010001998       0x2c CMakeFiles/my_proj.dir/home/exr0n/snap/raspberrypi_pico/pico-sdk/src/rp2_common/pico_double/double_v1_rom_shim.S.obj
                0x0000000010001998                double_table_shim_on_use_helper
 .text.__aeabi_lmul
                0x00000000100019c4       0x32 CMakeFiles/my_proj.dir/home/exr0n/snap/raspberrypi_pico/pico-sdk/src/rp2_common/pico_int64_ops/pico_int64_ops_aeabi.S.obj
                0x00000000100019c4                __wrap___aeabi_lmul
 *fill*         0x00000000100019f6        0x2 
 .text.__aeabi_float_init
                0x00000000100019f8       0x64 CMakeFiles/my_proj.dir/home/exr0n/snap/raspberrypi_pico/pico-sdk/src/rp2_common/pico_float/float_init_rom.c.obj
                0x00000000100019f8                __aeabi_float_init
 .text.float_table_shim_on_use_helper
                0x0000000010001a5c       0x2c CMakeFiles/my_proj.dir/home/exr0n/snap/raspberrypi_pico/pico-sdk/src/rp2_common/pico_float/float_v1_rom_shim.S.obj
                0x0000000010001a5c                float_table_shim_on_use_helper
 .text.__wrap_malloc
                0x0000000010001a88        0x8 CMakeFiles/my_proj.dir/home/exr0n/snap/raspberrypi_pico/pico-sdk/src/rp2_common/pico_malloc/pico_malloc.c.obj
                0x0000000010001a88                __wrap_malloc
 .text.__wrap_calloc
                0x0000000010001a90        0x8 CMakeFiles/my_proj.dir/home/exr0n/snap/raspberrypi_pico/pico-sdk/src/rp2_common/pico_malloc/pico_malloc.c.obj
                0x0000000010001a90                __wrap_calloc
 .text          0x0000000010001a98       0x10 CMakeFiles/my_proj.dir/home/exr0n/snap/raspberrypi_pico/pico-sdk/src/rp2_common/pico_mem_ops/mem_ops_aeabi.S.obj
                0x0000000010001a98                __aeabi_mem_init
 .text.memset   0x0000000010001aa8        0xc CMakeFiles/my_proj.dir/home/exr0n/snap/raspberrypi_pico/pico-sdk/src/rp2_common/pico_mem_ops/mem_ops_aeabi.S.obj
                0x0000000010001aa8                __wrap_memset
 .text.memcpy   0x0000000010001ab4        0xc CMakeFiles/my_proj.dir/home/exr0n/snap/raspberrypi_pico/pico-sdk/src/rp2_common/pico_mem_ops/mem_ops_aeabi.S.obj
                0x0000000010001ab4                __wrap___aeabi_memcpy
                0x0000000010001ab4                __wrap_memcpy
 .text.stdio_out_chars_crlf.part.0
                0x0000000010001ac0       0xa0 CMakeFiles/my_proj.dir/home/exr0n/snap/raspberrypi_pico/pico-sdk/src/rp2_common/pico_stdio/stdio.c.obj
 .text.stdio_put_string.isra.0
                0x0000000010001b60       0xf8 CMakeFiles/my_proj.dir/home/exr0n/snap/raspberrypi_pico/pico-sdk/src/rp2_common/pico_stdio/stdio.c.obj
 .text.__wrap_putchar
                0x0000000010001c58       0x1c CMakeFiles/my_proj.dir/home/exr0n/snap/raspberrypi_pico/pico-sdk/src/rp2_common/pico_stdio/stdio.c.obj
                0x0000000010001c58                __wrap_putchar
 .text.__wrap_puts
                0x0000000010001c74       0x3c CMakeFiles/my_proj.dir/home/exr0n/snap/raspberrypi_pico/pico-sdk/src/rp2_common/pico_stdio/stdio.c.obj
                0x0000000010001c74                __wrap_puts
 .text.calloc   0x0000000010001cb0       0x18 /usr/bin/../lib/gcc/arm-none-eabi/10.2.1/../../../../arm-none-eabi/lib/thumb/v6-m/nofp/libc.a(lib_a-calloc.o)
                0x0000000010001cb0                calloc
 .text._calloc_r
                0x0000000010001cc8       0x5c /usr/bin/../lib/gcc/arm-none-eabi/10.2.1/../../../../arm-none-eabi/lib/thumb/v6-m/nofp/libc.a(lib_a-callocr.o)
                0x0000000010001cc8                _calloc_r
 .text.malloc   0x0000000010001d24       0x14 /usr/bin/../lib/gcc/arm-none-eabi/10.2.1/../../../../arm-none-eabi/lib/thumb/v6-m/nofp/libc.a(lib_a-malloc.o)
                0x0000000010001d24                malloc
 .text._malloc_r
                0x0000000010001d38      0x580 /usr/bin/../lib/gcc/arm-none-eabi/10.2.1/../../../../arm-none-eabi/lib/thumb/v6-m/nofp/libc.a(lib_a-mallocr.o)
                0x0000000010001d38                _malloc_r
 .text.__malloc_lock
                0x00000000100022b8       0x10 /usr/bin/../lib/gcc/arm-none-eabi/10.2.1/../../../../arm-none-eabi/lib/thumb/v6-m/nofp/libc.a(lib_a-mlock.o)
                0x00000000100022b8                __malloc_lock
 .text.__malloc_unlock
                0x00000000100022c8       0x10 /usr/bin/../lib/gcc/arm-none-eabi/10.2.1/../../../../arm-none-eabi/lib/thumb/v6-m/nofp/libc.a(lib_a-mlock.o)
                0x00000000100022c8                __malloc_unlock
 .text._sbrk_r  0x00000000100022d8       0x24 /usr/bin/../lib/gcc/arm-none-eabi/10.2.1/../../../../arm-none-eabi/lib/thumb/v6-m/nofp/libc.a(lib_a-sbrkr.o)
                0x00000000100022d8                _sbrk_r
 .text.strlen   0x00000000100022fc       0x5c /usr/bin/../lib/gcc/arm-none-eabi/10.2.1/../../../../arm-none-eabi/lib/thumb/v6-m/nofp/libc.a(lib_a-strlen-stub.o)
                0x00000000100022fc                strlen
 .text._malloc_trim_r
                0x0000000010002358       0x9c /usr/bin/../lib/gcc/arm-none-eabi/10.2.1/../../../../arm-none-eabi/lib/thumb/v6-m/nofp/libc.a(lib_a-freer.o)
                0x0000000010002358                _malloc_trim_r
 .text._free_r  0x00000000100023f4      0x1c4 /usr/bin/../lib/gcc/arm-none-eabi/10.2.1/../../../../arm-none-eabi/lib/thumb/v6-m/nofp/libc.a(lib_a-freer.o)
                0x00000000100023f4                _free_r
 .text.__retarget_lock_acquire_recursive
                0x00000000100025b8        0x4 /usr/bin/../lib/gcc/arm-none-eabi/10.2.1/../../../../arm-none-eabi/lib/thumb/v6-m/nofp/libc.a(lib_a-lock.o)
                0x00000000100025b8                __retarget_lock_acquire_recursive
 .text.__retarget_lock_release_recursive
                0x00000000100025bc        0x4 /usr/bin/../lib/gcc/arm-none-eabi/10.2.1/../../../../arm-none-eabi/lib/thumb/v6-m/nofp/libc.a(lib_a-lock.o)
                0x00000000100025bc                __retarget_lock_release_recursive
 *(.fini)
 .fini          0x00000000100025c0        0x4 /usr/bin/../lib/gcc/arm-none-eabi/10.2.1/thumb/v6-m/nofp/crti.o
                0x00000000100025c0                _fini
 *fill*         0x00000000100025c4        0x4 
 .fini.__stub   0x00000000100025c8       0x40 linker stubs
 *crtbegin.o(.ctors)
 *crtbegin?.o(.ctors)
 *(EXCLUDE_FILE(*crtend.o *crtend?.o) .ctors)
 *(SORT_BY_NAME(.ctors.*))
 *(.ctors)
 *crtbegin.o(.dtors)
 *crtbegin?.o(.dtors)
 *(EXCLUDE_FILE(*crtend.o *crtend?.o) .dtors)
 *(SORT_BY_NAME(.dtors.*))
 *(.dtors)
 *(.eh_frame*)
 .eh_frame      0x0000000010002608        0x0 /usr/bin/../lib/gcc/arm-none-eabi/10.2.1/thumb/v6-m/nofp/crtbegin.o
                0x0000000010002608                . = ALIGN (0x4)

.glue_7         0x0000000010002608        0x0
 .glue_7        0x0000000010002608        0x0 linker stubs

.glue_7t        0x0000000010002608        0x0
 .glue_7t       0x0000000010002608        0x0 linker stubs

.vfp11_veneer   0x0000000010002608        0x0
 .vfp11_veneer  0x0000000010002608        0x0 linker stubs

.v4_bx          0x0000000010002608        0x0
 .v4_bx         0x0000000010002608        0x0 linker stubs

.iplt           0x0000000010002608        0x0
 .iplt          0x0000000010002608        0x0 /usr/bin/../lib/gcc/arm-none-eabi/10.2.1/thumb/v6-m/nofp/crtbegin.o

.rodata         0x0000000010002608       0xc0
 *(EXCLUDE_FILE(*libm.a: *libc.a:*lib_a-mem*.o *libgcc.a:) .rodata*)
 .rodata.str1.4
                0x0000000010002608       0x19 CMakeFiles/my_proj.dir/main.c.obj
 *fill*         0x0000000010002621        0x3 
 .rodata.__bi_8.0
                0x0000000010002624        0xc CMakeFiles/my_proj.dir/main.c.obj
 .rodata.__bi_9.1
                0x0000000010002630        0xc CMakeFiles/my_proj.dir/main.c.obj
 .rodata.hardware_alarm_claim.str1.4
                0x000000001000263c       0x22 CMakeFiles/my_proj.dir/home/exr0n/snap/raspberrypi_pico/pico-sdk/src/rp2_common/hardware_timer/timer.c.obj
 *fill*         0x000000001000265e        0x2 
 .rodata.panic.str1.4
                0x0000000010002660       0x12 CMakeFiles/my_proj.dir/home/exr0n/snap/raspberrypi_pico/pico-sdk/src/rp2_common/pico_runtime/runtime.c.obj
 *fill*         0x0000000010002672        0x2 
 .rodata.hard_assertion_failure.str1.4
                0x0000000010002674        0xc CMakeFiles/my_proj.dir/home/exr0n/snap/raspberrypi_pico/pico-sdk/src/rp2_common/pico_runtime/runtime.c.obj
 .rodata.str1.4
                0x0000000010002680       0x2c CMakeFiles/my_proj.dir/home/exr0n/snap/raspberrypi_pico/pico-sdk/src/rp2_common/pico_standard_link/binary_info.c.obj
 .rodata.__bi_40
                0x00000000100026ac        0xc CMakeFiles/my_proj.dir/home/exr0n/snap/raspberrypi_pico/pico-sdk/src/rp2_common/pico_standard_link/binary_info.c.obj
 .rodata.__bi_71
                0x00000000100026b8        0xc CMakeFiles/my_proj.dir/home/exr0n/snap/raspberrypi_pico/pico-sdk/src/rp2_common/pico_standard_link/binary_info.c.obj
 .rodata.crlf_str.0
                0x00000000100026c4        0x2 CMakeFiles/my_proj.dir/home/exr0n/snap/raspberrypi_pico/pico-sdk/src/rp2_common/pico_stdio/stdio.c.obj
                0x00000000100026c8                . = ALIGN (0x4)
 *fill*         0x00000000100026c6        0x2 
 *(SORT_BY_ALIGNMENT(SORT_BY_NAME(.flashdata*)))
                0x00000000100026c8                . = ALIGN (0x4)

.rel.dyn        0x00000000100026c8        0x0
 .rel.iplt      0x00000000100026c8        0x0 /usr/bin/../lib/gcc/arm-none-eabi/10.2.1/thumb/v6-m/nofp/crtbegin.o

.ARM.extab
 *(.ARM.extab* .gnu.linkonce.armextab.*)
                0x00000000100026c8                __exidx_start = .

.ARM.exidx
 *(.ARM.exidx* .gnu.linkonce.armexidx.*)
                0x00000000100026c8                __exidx_end = .
                0x00000000100026c8                . = ALIGN (0x4)
                0x00000000100026c8                __binary_info_start = .

.binary_info    0x00000000100026c8       0x20
 *(.binary_info.keep.*)
 .binary_info.keep.__bi_ptr8
                0x00000000100026c8        0x4 CMakeFiles/my_proj.dir/main.c.obj
 .binary_info.keep.__bi_ptr9
                0x00000000100026cc        0x4 CMakeFiles/my_proj.dir/main.c.obj
 .binary_info.keep.__bi_ptr18
                0x00000000100026d0        0x4 CMakeFiles/my_proj.dir/home/exr0n/snap/raspberrypi_pico/pico-sdk/src/rp2_common/pico_standard_link/binary_info.c.obj
 .binary_info.keep.__bi_ptr26
                0x00000000100026d4        0x4 CMakeFiles/my_proj.dir/home/exr0n/snap/raspberrypi_pico/pico-sdk/src/rp2_common/pico_standard_link/binary_info.c.obj
 .binary_info.keep.__bi_ptr34
                0x00000000100026d8        0x4 CMakeFiles/my_proj.dir/home/exr0n/snap/raspberrypi_pico/pico-sdk/src/rp2_common/pico_standard_link/binary_info.c.obj
 .binary_info.keep.__bi_ptr40
                0x00000000100026dc        0x4 CMakeFiles/my_proj.dir/home/exr0n/snap/raspberrypi_pico/pico-sdk/src/rp2_common/pico_standard_link/binary_info.c.obj
 .binary_info.keep.__bi_ptr46
                0x00000000100026e0        0x4 CMakeFiles/my_proj.dir/home/exr0n/snap/raspberrypi_pico/pico-sdk/src/rp2_common/pico_standard_link/binary_info.c.obj
 .binary_info.keep.__bi_ptr71
                0x00000000100026e4        0x4 CMakeFiles/my_proj.dir/home/exr0n/snap/raspberrypi_pico/pico-sdk/src/rp2_common/pico_standard_link/binary_info.c.obj
 *(.binary_info.*)
                0x00000000100026e8                __binary_info_end = .
                0x00000000100026e8                . = ALIGN (0x4)
                0x00000000100026e8                __etext = .

.ram_vector_table
                0x0000000020000000       0xc0
 *(.ram_vector_table)
 .ram_vector_table
                0x0000000020000000       0xc0 CMakeFiles/my_proj.dir/home/exr0n/snap/raspberrypi_pico/pico-sdk/src/rp2_common/pico_runtime/runtime.c.obj
                0x0000000020000000                ram_vector_table

.data           0x00000000200000c0      0x98c load address 0x00000000100026e8
                0x00000000200000c0                __data_start__ = .
 *(vtable)
 *(.time_critical*)
 .time_critical.mutex_enter_blocking
                0x00000000200000c0       0x4c CMakeFiles/my_proj.dir/home/exr0n/snap/raspberrypi_pico/pico-sdk/src/common/pico_sync/mutex.c.obj
                0x00000000200000c0                mutex_enter_blocking
 .time_critical.mutex_try_enter
                0x000000002000010c       0x44 CMakeFiles/my_proj.dir/home/exr0n/snap/raspberrypi_pico/pico-sdk/src/common/pico_sync/mutex.c.obj
                0x000000002000010c                mutex_try_enter
 .time_critical.mutex_exit
                0x0000000020000150       0x28 CMakeFiles/my_proj.dir/home/exr0n/snap/raspberrypi_pico/pico-sdk/src/common/pico_sync/mutex.c.obj
                0x0000000020000150                mutex_exit
 *(.text*)
 .text          0x0000000020000178        0x4 /usr/bin/../lib/gcc/arm-none-eabi/10.2.1/thumb/v6-m/nofp/libgcc.a(_dvmd_tls.o)
                0x0000000020000178                __aeabi_ldiv0
                0x0000000020000178                __aeabi_idiv0
                0x000000002000017c                . = ALIGN (0x4)
 *(.rodata*)
                0x000000002000017c                . = ALIGN (0x4)
 *(.data*)
 .data.striped_spin_lock_num
                0x000000002000017c        0x1 CMakeFiles/my_proj.dir/home/exr0n/snap/raspberrypi_pico/pico-sdk/src/rp2_common/hardware_sync/sync.c.obj
 *fill*         0x000000002000017d        0x3 
 .data          0x0000000020000180       0x48 CMakeFiles/my_proj.dir/home/exr0n/snap/raspberrypi_pico/pico-sdk/src/rp2_common/hardware_irq/irq_handler_chain.S.obj
                0x0000000020000180                irq_handler_chain_slots
                0x00000000200001b0                irq_handler_chain_first_slot
                0x00000000200001ba                irq_handler_chain_remove_tail
 *fill*         0x00000000200001c8        0x8 
 .data.aeabi_bits_funcs
                0x00000000200001d0       0x10 CMakeFiles/my_proj.dir/home/exr0n/snap/raspberrypi_pico/pico-sdk/src/rp2_common/pico_bit_ops/bit_ops_aeabi.S.obj
                0x00000000200001d0                aeabi_bits_funcs
                0x00000000200001e0                aeabi_bits_funcs_end
 .data.aeabi_mem_funcs
                0x00000000200001e0       0x10 CMakeFiles/my_proj.dir/home/exr0n/snap/raspberrypi_pico/pico-sdk/src/rp2_common/pico_mem_ops/mem_ops_aeabi.S.obj
                0x00000000200001e0                aeabi_mem_funcs
                0x00000000200001f0                aeabi_mem_funcs_end
 .data._impure_ptr
                0x00000000200001f0        0x4 /usr/bin/../lib/gcc/arm-none-eabi/10.2.1/../../../../arm-none-eabi/lib/thumb/v6-m/nofp/libc.a(lib_a-impure.o)
                0x00000000200001f0                _impure_ptr
 *fill*         0x00000000200001f4        0x4 
 .data.impure_data
                0x00000000200001f8      0x428 /usr/bin/../lib/gcc/arm-none-eabi/10.2.1/../../../../arm-none-eabi/lib/thumb/v6-m/nofp/libc.a(lib_a-impure.o)
 .data.__malloc_av_
                0x0000000020000620      0x408 /usr/bin/../lib/gcc/arm-none-eabi/10.2.1/../../../../arm-none-eabi/lib/thumb/v6-m/nofp/libc.a(lib_a-mallocr.o)
                0x0000000020000620                __malloc_av_
 .data.__malloc_sbrk_base
                0x0000000020000a28        0x4 /usr/bin/../lib/gcc/arm-none-eabi/10.2.1/../../../../arm-none-eabi/lib/thumb/v6-m/nofp/libc.a(lib_a-mallocr.o)
                0x0000000020000a28                __malloc_sbrk_base
 .data.__malloc_trim_threshold
                0x0000000020000a2c        0x4 /usr/bin/../lib/gcc/arm-none-eabi/10.2.1/../../../../arm-none-eabi/lib/thumb/v6-m/nofp/libc.a(lib_a-mallocr.o)
                0x0000000020000a2c                __malloc_trim_threshold
                0x0000000020000a30                . = ALIGN (0x4)
 *(.after_data.*)
                0x0000000020000a30                . = ALIGN (0x4)
                0x0000000020000a30                PROVIDE (__mutex_array_start = .)
 *(SORT_BY_NAME(.mutex_array.*))
 *(.mutex_array)
 .mutex_array   0x0000000020000a30        0x8 CMakeFiles/my_proj.dir/home/exr0n/snap/raspberrypi_pico/pico-sdk/src/rp2_common/pico_stdio/stdio.c.obj
                0x0000000020000a38                PROVIDE (__mutex_array_end = .)
                0x0000000020000a38                . = ALIGN (0x4)
                0x0000000020000a38                PROVIDE (__preinit_array_start = .)
 *(SORT_BY_NAME(.preinit_array.*))
 .preinit_array.00001
                0x0000000020000a38        0x4 CMakeFiles/my_proj.dir/home/exr0n/snap/raspberrypi_pico/pico-sdk/src/rp2_common/pico_mem_ops/mem_ops_aeabi.S.obj
 .preinit_array.00010
                0x0000000020000a3c        0x4 CMakeFiles/my_proj.dir/home/exr0n/snap/raspberrypi_pico/pico-sdk/src/rp2_common/pico_bit_ops/bit_ops_aeabi.S.obj
 .preinit_array.00020
                0x0000000020000a40        0x4 CMakeFiles/my_proj.dir/home/exr0n/snap/raspberrypi_pico/pico-sdk/src/rp2_common/pico_double/double_aeabi.S.obj
 .preinit_array.00020
                0x0000000020000a44        0x4 CMakeFiles/my_proj.dir/home/exr0n/snap/raspberrypi_pico/pico-sdk/src/rp2_common/pico_float/float_aeabi.S.obj
 *(.preinit_array)
                0x0000000020000a48                PROVIDE (__preinit_array_end = .)
                0x0000000020000a48                . = ALIGN (0x4)
                0x0000000020000a48                PROVIDE (__init_array_start = .)
 *(SORT_BY_NAME(.init_array.*))
 *(.init_array)
 .init_array    0x0000000020000a48        0x4 /usr/bin/../lib/gcc/arm-none-eabi/10.2.1/thumb/v6-m/nofp/crtbegin.o
                0x0000000020000a4c                PROVIDE (__init_array_end = .)
                0x0000000020000a4c                . = ALIGN (0x4)
                [!provide]                        PROVIDE (__fini_array_start = .)
 *(SORT_BY_NAME(.fini_array.*))
 *(.fini_array)
                [!provide]                        PROVIDE (__fini_array_end = .)
 *(.jcr)
                0x0000000020000a4c                . = ALIGN (0x4)
                0x0000000020000a4c                __data_end__ = .

.igot.plt       0x0000000020000a4c        0x0 load address 0x0000000010003074
 .igot.plt      0x0000000020000a4c        0x0 /usr/bin/../lib/gcc/arm-none-eabi/10.2.1/thumb/v6-m/nofp/crtbegin.o

.uninitialized_data
                0x0000000020000a4c        0x0 load address 0x0000000010003074
                0x0000000020000a4c                . = ALIGN (0x4)
 *(.uninitialized_data*)

.scratch_x      0x0000000020040000        0x0 load address 0x0000000010003074
                0x0000000020040000                __scratch_x_start__ = .
 *(.scratch_x.*)
                0x0000000020040000                . = ALIGN (0x4)
                0x0000000020040000                __scratch_x_end__ = .
                0x0000000010003074                __scratch_x_source__ = LOADADDR (.scratch_x)

.scratch_y      0x0000000020041000        0x0 load address 0x0000000010003074
                0x0000000020041000                __scratch_y_start__ = .
 *(.scratch_y.*)
                0x0000000020041000                . = ALIGN (0x4)
                0x0000000020041000                __scratch_y_end__ = .
                0x0000000010003074                __scratch_y_source__ = LOADADDR (.scratch_y)

.bss            0x0000000020000a50      0x2cc
                0x0000000020000a50                . = ALIGN (0x4)
                0x0000000020000a50                __bss_start__ = .
 *(SORT_BY_ALIGNMENT(SORT_BY_NAME(.bss*)))
 .bss.sd_table  0x0000000020000a50      0x100 CMakeFiles/my_proj.dir/home/exr0n/snap/raspberrypi_pico/pico-sdk/src/rp2_common/pico_double/double_init_rom.c.obj
                0x0000000020000a50                sd_table
 .bss.sf_table  0x0000000020000b50      0x100 CMakeFiles/my_proj.dir/home/exr0n/snap/raspberrypi_pico/pico-sdk/src/rp2_common/pico_float/float_init_rom.c.obj
                0x0000000020000b50                sf_table
 .bss           0x0000000020000c50       0x1c /usr/bin/../lib/gcc/arm-none-eabi/10.2.1/thumb/v6-m/nofp/crtbegin.o
 .bss.__lock___malloc_recursive_mutex
                0x0000000020000c6c        0x1 /usr/bin/../lib/gcc/arm-none-eabi/10.2.1/../../../../arm-none-eabi/lib/thumb/v6-m/nofp/libc.a(lib_a-lock.o)
                0x0000000020000c6c                __lock___malloc_recursive_mutex
 *fill*         0x0000000020000c6d        0x3 
 .bss.__malloc_current_mallinfo
                0x0000000020000c70       0x28 /usr/bin/../lib/gcc/arm-none-eabi/10.2.1/../../../../arm-none-eabi/lib/thumb/v6-m/nofp/libc.a(lib_a-mallocr.o)
                0x0000000020000c70                __malloc_current_mallinfo
 .bss.__malloc_max_sbrked_mem
                0x0000000020000c98        0x4 /usr/bin/../lib/gcc/arm-none-eabi/10.2.1/../../../../arm-none-eabi/lib/thumb/v6-m/nofp/libc.a(lib_a-mallocr.o)
                0x0000000020000c98                __malloc_max_sbrked_mem
 .bss.__malloc_max_total_mem
                0x0000000020000c9c        0x4 /usr/bin/../lib/gcc/arm-none-eabi/10.2.1/../../../../arm-none-eabi/lib/thumb/v6-m/nofp/libc.a(lib_a-mallocr.o)
                0x0000000020000c9c                __malloc_max_total_mem
 .bss.__malloc_top_pad
                0x0000000020000ca0        0x4 /usr/bin/../lib/gcc/arm-none-eabi/10.2.1/../../../../arm-none-eabi/lib/thumb/v6-m/nofp/libc.a(lib_a-mallocr.o)
                0x0000000020000ca0                __malloc_top_pad
 .bss.alarm_callbacks
                0x0000000020000ca4       0x10 CMakeFiles/my_proj.dir/home/exr0n/snap/raspberrypi_pico/pico-sdk/src/rp2_common/hardware_timer/timer.c.obj
 .bss.configured_freq
                0x0000000020000cb4       0x28 CMakeFiles/my_proj.dir/home/exr0n/snap/raspberrypi_pico/pico-sdk/src/rp2_common/hardware_clocks/clocks.c.obj
 .bss.default_alarm_pool
                0x0000000020000cdc        0x4 CMakeFiles/my_proj.dir/home/exr0n/snap/raspberrypi_pico/pico-sdk/src/common/pico_time/time.c.obj
 .bss.drivers   0x0000000020000ce0        0x4 CMakeFiles/my_proj.dir/home/exr0n/snap/raspberrypi_pico/pico-sdk/src/rp2_common/pico_stdio/stdio.c.obj
 .bss.errno     0x0000000020000ce4        0x4 /usr/bin/../lib/gcc/arm-none-eabi/10.2.1/../../../../arm-none-eabi/lib/thumb/v6-m/nofp/libc.a(lib_a-reent.o)
                0x0000000020000ce4                errno
 .bss.filter    0x0000000020000ce8        0x4 CMakeFiles/my_proj.dir/home/exr0n/snap/raspberrypi_pico/pico-sdk/src/rp2_common/pico_stdio/stdio.c.obj
 .bss.heap_end.0
                0x0000000020000cec        0x4 CMakeFiles/my_proj.dir/home/exr0n/snap/raspberrypi_pico/pico-sdk/src/rp2_common/pico_runtime/runtime.c.obj
 .bss.lazy_vsnprintf
                0x0000000020000cf0        0x4 CMakeFiles/my_proj.dir/home/exr0n/snap/raspberrypi_pico/pico-sdk/src/rp2_common/pico_printf/printf.c.obj
 .bss.pools     0x0000000020000cf4       0x10 CMakeFiles/my_proj.dir/home/exr0n/snap/raspberrypi_pico/pico-sdk/src/common/pico_time/time.c.obj
 .bss.sf_clz_func
                0x0000000020000d04        0x4 CMakeFiles/my_proj.dir/home/exr0n/snap/raspberrypi_pico/pico-sdk/src/rp2_common/pico_float/float_init_rom.c.obj
                0x0000000020000d04                sf_clz_func
 .bss.target_hi
                0x0000000020000d08       0x10 CMakeFiles/my_proj.dir/home/exr0n/snap/raspberrypi_pico/pico-sdk/src/rp2_common/hardware_timer/timer.c.obj
 .bss.claimed   0x0000000020000d18        0x1 CMakeFiles/my_proj.dir/home/exr0n/snap/raspberrypi_pico/pico-sdk/src/rp2_common/hardware_timer/timer.c.obj
 .bss.irq_hander_chain_free_slot_head
                0x0000000020000d19        0x1 CMakeFiles/my_proj.dir/home/exr0n/snap/raspberrypi_pico/pico-sdk/src/rp2_common/hardware_irq/irq.c.obj
 .bss.timer_callbacks_pending
                0x0000000020000d1a        0x1 CMakeFiles/my_proj.dir/home/exr0n/snap/raspberrypi_pico/pico-sdk/src/rp2_common/hardware_timer/timer.c.obj
 *(COMMON)
                0x0000000020000d1c                . = ALIGN (0x4)
 *fill*         0x0000000020000d1b        0x1 
                0x0000000020000d1c                __bss_end__ = .

.heap           0x0000000020000d1c      0x800
                0x0000000020000d1c                __end__ = .
                0x0000000020000d1c                end = __end__
 *(.heap*)
 .heap          0x0000000020000d1c      0x800 CMakeFiles/my_proj.dir/home/exr0n/snap/raspberrypi_pico/pico-sdk/src/rp2_common/pico_standard_link/crt0.S.obj
                0x000000002000151c                __HeapLimit = .

.stack1_dummy   0x0000000020040000        0x0
 *(.stack1*)

.stack_dummy    0x0000000020041000      0x800
 *(.stack*)
 .stack         0x0000000020041000      0x800 CMakeFiles/my_proj.dir/home/exr0n/snap/raspberrypi_pico/pico-sdk/src/rp2_common/pico_standard_link/crt0.S.obj

.flash_end      0x0000000010003074        0x0
                0x0000000010003074                __flash_binary_end = .
                0x0000000020040000                __StackLimit = (ORIGIN (RAM) + LENGTH (RAM))
                0x0000000020041000                __StackOneTop = (ORIGIN (SCRATCH_X) + LENGTH (SCRATCH_X))
                0x0000000020042000                __StackTop = (ORIGIN (SCRATCH_Y) + LENGTH (SCRATCH_Y))
                0x0000000020041000                __StackOneBottom = (__StackOneTop - SIZEOF (.stack1_dummy))
                0x0000000020041800                __StackBottom = (__StackTop - SIZEOF (.stack_dummy))
                0x0000000020042000                PROVIDE (__stack = __StackTop)
                0x0000000000000001                ASSERT ((__StackLimit >= __HeapLimit), region RAM overflowed)
                0x0000000000000001                ASSERT (((__binary_info_header_end - __logical_binary_start) <= 0x100), Binary info must be in first 256 bytes of the binary)
LOAD CMakeFiles/my_proj.dir/main.c.obj
LOAD CMakeFiles/my_proj.dir/home/exr0n/snap/raspberrypi_pico/pico-sdk/src/rp2_common/pico_stdlib/stdlib.c.obj
LOAD CMakeFiles/my_proj.dir/home/exr0n/snap/raspberrypi_pico/pico-sdk/src/rp2_common/hardware_gpio/gpio.c.obj
LOAD CMakeFiles/my_proj.dir/home/exr0n/snap/raspberrypi_pico/pico-sdk/src/rp2_common/hardware_claim/claim.c.obj
LOAD CMakeFiles/my_proj.dir/home/exr0n/snap/raspberrypi_pico/pico-sdk/src/rp2_common/hardware_sync/sync.c.obj
LOAD CMakeFiles/my_proj.dir/home/exr0n/snap/raspberrypi_pico/pico-sdk/src/rp2_common/pico_platform/platform.c.obj
LOAD CMakeFiles/my_proj.dir/home/exr0n/snap/raspberrypi_pico/pico-sdk/src/rp2_common/hardware_uart/uart.c.obj
LOAD CMakeFiles/my_proj.dir/home/exr0n/snap/raspberrypi_pico/pico-sdk/src/rp2_common/hardware_divider/divider.S.obj
LOAD CMakeFiles/my_proj.dir/home/exr0n/snap/raspberrypi_pico/pico-sdk/src/common/pico_time/time.c.obj
LOAD CMakeFiles/my_proj.dir/home/exr0n/snap/raspberrypi_pico/pico-sdk/src/common/pico_time/timeout_helper.c.obj
LOAD CMakeFiles/my_proj.dir/home/exr0n/snap/raspberrypi_pico/pico-sdk/src/rp2_common/hardware_timer/timer.c.obj
LOAD CMakeFiles/my_proj.dir/home/exr0n/snap/raspberrypi_pico/pico-sdk/src/common/pico_sync/sem.c.obj
LOAD CMakeFiles/my_proj.dir/home/exr0n/snap/raspberrypi_pico/pico-sdk/src/common/pico_sync/lock_core.c.obj
LOAD CMakeFiles/my_proj.dir/home/exr0n/snap/raspberrypi_pico/pico-sdk/src/common/pico_sync/mutex.c.obj
LOAD CMakeFiles/my_proj.dir/home/exr0n/snap/raspberrypi_pico/pico-sdk/src/common/pico_sync/critical_section.c.obj
LOAD CMakeFiles/my_proj.dir/home/exr0n/snap/raspberrypi_pico/pico-sdk/src/common/pico_util/datetime.c.obj
LOAD CMakeFiles/my_proj.dir/home/exr0n/snap/raspberrypi_pico/pico-sdk/src/common/pico_util/pheap.c.obj
LOAD CMakeFiles/my_proj.dir/home/exr0n/snap/raspberrypi_pico/pico-sdk/src/common/pico_util/queue.c.obj
LOAD CMakeFiles/my_proj.dir/home/exr0n/snap/raspberrypi_pico/pico-sdk/src/rp2_common/pico_runtime/runtime.c.obj
LOAD CMakeFiles/my_proj.dir/home/exr0n/snap/raspberrypi_pico/pico-sdk/src/rp2_common/hardware_clocks/clocks.c.obj
LOAD CMakeFiles/my_proj.dir/home/exr0n/snap/raspberrypi_pico/pico-sdk/src/rp2_common/hardware_watchdog/watchdog.c.obj
LOAD CMakeFiles/my_proj.dir/home/exr0n/snap/raspberrypi_pico/pico-sdk/src/rp2_common/hardware_xosc/xosc.c.obj
LOAD CMakeFiles/my_proj.dir/home/exr0n/snap/raspberrypi_pico/pico-sdk/src/rp2_common/hardware_pll/pll.c.obj
LOAD CMakeFiles/my_proj.dir/home/exr0n/snap/raspberrypi_pico/pico-sdk/src/rp2_common/hardware_vreg/vreg.c.obj
LOAD CMakeFiles/my_proj.dir/home/exr0n/snap/raspberrypi_pico/pico-sdk/src/rp2_common/hardware_irq/irq.c.obj
LOAD CMakeFiles/my_proj.dir/home/exr0n/snap/raspberrypi_pico/pico-sdk/src/rp2_common/hardware_irq/irq_handler_chain.S.obj
LOAD CMakeFiles/my_proj.dir/home/exr0n/snap/raspberrypi_pico/pico-sdk/src/rp2_common/pico_printf/printf.c.obj
LOAD CMakeFiles/my_proj.dir/home/exr0n/snap/raspberrypi_pico/pico-sdk/src/rp2_common/pico_bit_ops/bit_ops_aeabi.S.obj
LOAD CMakeFiles/my_proj.dir/home/exr0n/snap/raspberrypi_pico/pico-sdk/src/rp2_common/pico_bootrom/bootrom.c.obj
LOAD CMakeFiles/my_proj.dir/home/exr0n/snap/raspberrypi_pico/pico-sdk/src/rp2_common/pico_divider/divider.S.obj
LOAD CMakeFiles/my_proj.dir/home/exr0n/snap/raspberrypi_pico/pico-sdk/src/rp2_common/pico_double/double_aeabi.S.obj
LOAD CMakeFiles/my_proj.dir/home/exr0n/snap/raspberrypi_pico/pico-sdk/src/rp2_common/pico_double/double_init_rom.c.obj
LOAD CMakeFiles/my_proj.dir/home/exr0n/snap/raspberrypi_pico/pico-sdk/src/rp2_common/pico_double/double_math.c.obj
LOAD CMakeFiles/my_proj.dir/home/exr0n/snap/raspberrypi_pico/pico-sdk/src/rp2_common/pico_double/double_v1_rom_shim.S.obj
LOAD CMakeFiles/my_proj.dir/home/exr0n/snap/raspberrypi_pico/pico-sdk/src/rp2_common/pico_int64_ops/pico_int64_ops_aeabi.S.obj
LOAD CMakeFiles/my_proj.dir/home/exr0n/snap/raspberrypi_pico/pico-sdk/src/rp2_common/pico_float/float_aeabi.S.obj
LOAD CMakeFiles/my_proj.dir/home/exr0n/snap/raspberrypi_pico/pico-sdk/src/rp2_common/pico_float/float_init_rom.c.obj
LOAD CMakeFiles/my_proj.dir/home/exr0n/snap/raspberrypi_pico/pico-sdk/src/rp2_common/pico_float/float_math.c.obj
LOAD CMakeFiles/my_proj.dir/home/exr0n/snap/raspberrypi_pico/pico-sdk/src/rp2_common/pico_float/float_v1_rom_shim.S.obj
LOAD CMakeFiles/my_proj.dir/home/exr0n/snap/raspberrypi_pico/pico-sdk/src/rp2_common/pico_malloc/pico_malloc.c.obj
LOAD CMakeFiles/my_proj.dir/home/exr0n/snap/raspberrypi_pico/pico-sdk/src/rp2_common/pico_mem_ops/mem_ops_aeabi.S.obj
LOAD CMakeFiles/my_proj.dir/home/exr0n/snap/raspberrypi_pico/pico-sdk/src/rp2_common/pico_standard_link/crt0.S.obj
LOAD CMakeFiles/my_proj.dir/home/exr0n/snap/raspberrypi_pico/pico-sdk/src/rp2_common/pico_standard_link/new_delete.cpp.obj
LOAD CMakeFiles/my_proj.dir/home/exr0n/snap/raspberrypi_pico/pico-sdk/src/rp2_common/pico_standard_link/binary_info.c.obj
LOAD CMakeFiles/my_proj.dir/home/exr0n/snap/raspberrypi_pico/pico-sdk/src/rp2_common/pico_stdio/stdio.c.obj
LOAD CMakeFiles/my_proj.dir/home/exr0n/snap/raspberrypi_pico/pico-sdk/src/rp2_common/pico_stdio_uart/stdio_uart.c.obj
LOAD /tmp/ccmIlhRM.o
LOAD /usr/bin/../lib/gcc/arm-none-eabi/10.2.1/../../../../arm-none-eabi/lib/thumb/v6-m/nofp/libstdc++.a
LOAD /usr/bin/../lib/gcc/arm-none-eabi/10.2.1/../../../../arm-none-eabi/lib/thumb/v6-m/nofp/libm.a
START GROUP
LOAD /usr/bin/../lib/gcc/arm-none-eabi/10.2.1/thumb/v6-m/nofp/libgcc.a
LOAD /usr/bin/../lib/gcc/arm-none-eabi/10.2.1/../../../../arm-none-eabi/lib/thumb/v6-m/nofp/libc.a
END GROUP
START GROUP
LOAD /usr/bin/../lib/gcc/arm-none-eabi/10.2.1/thumb/v6-m/nofp/libgcc.a
LOAD /usr/bin/../lib/gcc/arm-none-eabi/10.2.1/../../../../arm-none-eabi/lib/thumb/v6-m/nofp/libc.a
LOAD /usr/bin/../lib/gcc/arm-none-eabi/10.2.1/../../../../arm-none-eabi/lib/thumb/v6-m/nofp/libnosys.a
END GROUP
LOAD /usr/bin/../lib/gcc/arm-none-eabi/10.2.1/thumb/v6-m/nofp/crtend.o
LOAD /usr/bin/../lib/gcc/arm-none-eabi/10.2.1/thumb/v6-m/nofp/crtn.o
OUTPUT(my_proj.elf elf32-littlearm)
LOAD linker stubs

.ARM.attributes
                0x0000000000000000       0x28
 .ARM.attributes
                0x0000000000000000       0x1e /usr/bin/../lib/gcc/arm-none-eabi/10.2.1/thumb/v6-m/nofp/crti.o
 .ARM.attributes
                0x000000000000001e       0x2c /usr/bin/../lib/gcc/arm-none-eabi/10.2.1/thumb/v6-m/nofp/crtbegin.o
 .ARM.attributes
                0x000000000000004a       0x2b CMakeFiles/my_proj.dir/main.c.obj
 .ARM.attributes
                0x0000000000000075       0x2b CMakeFiles/my_proj.dir/home/exr0n/snap/raspberrypi_pico/pico-sdk/src/rp2_common/hardware_gpio/gpio.c.obj
 .ARM.attributes
                0x00000000000000a0       0x2b CMakeFiles/my_proj.dir/home/exr0n/snap/raspberrypi_pico/pico-sdk/src/rp2_common/hardware_claim/claim.c.obj
 .ARM.attributes
                0x00000000000000cb       0x2b CMakeFiles/my_proj.dir/home/exr0n/snap/raspberrypi_pico/pico-sdk/src/rp2_common/hardware_sync/sync.c.obj
 .ARM.attributes
                0x00000000000000f6       0x2b CMakeFiles/my_proj.dir/home/exr0n/snap/raspberrypi_pico/pico-sdk/src/rp2_common/pico_platform/platform.c.obj
 .ARM.attributes
                0x0000000000000121       0x2b CMakeFiles/my_proj.dir/home/exr0n/snap/raspberrypi_pico/pico-sdk/src/common/pico_time/time.c.obj
 .ARM.attributes
                0x000000000000014c       0x2b CMakeFiles/my_proj.dir/home/exr0n/snap/raspberrypi_pico/pico-sdk/src/rp2_common/hardware_timer/timer.c.obj
 .ARM.attributes
                0x0000000000000177       0x2b CMakeFiles/my_proj.dir/home/exr0n/snap/raspberrypi_pico/pico-sdk/src/common/pico_sync/lock_core.c.obj
 .ARM.attributes
                0x00000000000001a2       0x2b CMakeFiles/my_proj.dir/home/exr0n/snap/raspberrypi_pico/pico-sdk/src/common/pico_sync/mutex.c.obj
 .ARM.attributes
                0x00000000000001cd       0x2b CMakeFiles/my_proj.dir/home/exr0n/snap/raspberrypi_pico/pico-sdk/src/common/pico_util/pheap.c.obj
 .ARM.attributes
                0x00000000000001f8       0x2b CMakeFiles/my_proj.dir/home/exr0n/snap/raspberrypi_pico/pico-sdk/src/rp2_common/pico_runtime/runtime.c.obj
 .ARM.attributes
                0x0000000000000223       0x2b CMakeFiles/my_proj.dir/home/exr0n/snap/raspberrypi_pico/pico-sdk/src/rp2_common/hardware_clocks/clocks.c.obj
 .ARM.attributes
                0x000000000000024e       0x2b CMakeFiles/my_proj.dir/home/exr0n/snap/raspberrypi_pico/pico-sdk/src/rp2_common/hardware_watchdog/watchdog.c.obj
 .ARM.attributes
                0x0000000000000279       0x2b CMakeFiles/my_proj.dir/home/exr0n/snap/raspberrypi_pico/pico-sdk/src/rp2_common/hardware_xosc/xosc.c.obj
 .ARM.attributes
                0x00000000000002a4       0x2b CMakeFiles/my_proj.dir/home/exr0n/snap/raspberrypi_pico/pico-sdk/src/rp2_common/hardware_pll/pll.c.obj
 .ARM.attributes
                0x00000000000002cf       0x2b CMakeFiles/my_proj.dir/home/exr0n/snap/raspberrypi_pico/pico-sdk/src/rp2_common/hardware_irq/irq.c.obj
 .ARM.attributes
                0x00000000000002fa       0x22 CMakeFiles/my_proj.dir/home/exr0n/snap/raspberrypi_pico/pico-sdk/src/rp2_common/hardware_irq/irq_handler_chain.S.obj
 .ARM.attributes
                0x000000000000031c       0x2b CMakeFiles/my_proj.dir/home/exr0n/snap/raspberrypi_pico/pico-sdk/src/rp2_common/pico_printf/printf.c.obj
 .ARM.attributes
                0x0000000000000347       0x22 CMakeFiles/my_proj.dir/home/exr0n/snap/raspberrypi_pico/pico-sdk/src/rp2_common/pico_bit_ops/bit_ops_aeabi.S.obj
 .ARM.attributes
                0x0000000000000369       0x2b CMakeFiles/my_proj.dir/home/exr0n/snap/raspberrypi_pico/pico-sdk/src/rp2_common/pico_bootrom/bootrom.c.obj
 .ARM.attributes
                0x0000000000000394       0x22 CMakeFiles/my_proj.dir/home/exr0n/snap/raspberrypi_pico/pico-sdk/src/rp2_common/pico_divider/divider.S.obj
 .ARM.attributes
                0x00000000000003b6       0x22 CMakeFiles/my_proj.dir/home/exr0n/snap/raspberrypi_pico/pico-sdk/src/rp2_common/pico_double/double_aeabi.S.obj
 .ARM.attributes
                0x00000000000003d8       0x2b CMakeFiles/my_proj.dir/home/exr0n/snap/raspberrypi_pico/pico-sdk/src/rp2_common/pico_double/double_init_rom.c.obj
 .ARM.attributes
                0x0000000000000403       0x22 CMakeFiles/my_proj.dir/home/exr0n/snap/raspberrypi_pico/pico-sdk/src/rp2_common/pico_double/double_v1_rom_shim.S.obj
 .ARM.attributes
                0x0000000000000425       0x22 CMakeFiles/my_proj.dir/home/exr0n/snap/raspberrypi_pico/pico-sdk/src/rp2_common/pico_int64_ops/pico_int64_ops_aeabi.S.obj
 .ARM.attributes
                0x0000000000000447       0x22 CMakeFiles/my_proj.dir/home/exr0n/snap/raspberrypi_pico/pico-sdk/src/rp2_common/pico_float/float_aeabi.S.obj
 .ARM.attributes
                0x0000000000000469       0x2b CMakeFiles/my_proj.dir/home/exr0n/snap/raspberrypi_pico/pico-sdk/src/rp2_common/pico_float/float_init_rom.c.obj
 .ARM.attributes
                0x0000000000000494       0x22 CMakeFiles/my_proj.dir/home/exr0n/snap/raspberrypi_pico/pico-sdk/src/rp2_common/pico_float/float_v1_rom_shim.S.obj
 .ARM.attributes
                0x00000000000004b6       0x2b CMakeFiles/my_proj.dir/home/exr0n/snap/raspberrypi_pico/pico-sdk/src/rp2_common/pico_malloc/pico_malloc.c.obj
 .ARM.attributes
                0x00000000000004e1       0x22 CMakeFiles/my_proj.dir/home/exr0n/snap/raspberrypi_pico/pico-sdk/src/rp2_common/pico_mem_ops/mem_ops_aeabi.S.obj
 .ARM.attributes
                0x0000000000000503       0x22 CMakeFiles/my_proj.dir/home/exr0n/snap/raspberrypi_pico/pico-sdk/src/rp2_common/pico_standard_link/crt0.S.obj
 .ARM.attributes
                0x0000000000000525       0x32 CMakeFiles/my_proj.dir/home/exr0n/snap/raspberrypi_pico/pico-sdk/src/rp2_common/pico_standard_link/binary_info.c.obj
 .ARM.attributes
                0x0000000000000557       0x2b CMakeFiles/my_proj.dir/home/exr0n/snap/raspberrypi_pico/pico-sdk/src/rp2_common/pico_stdio/stdio.c.obj
 .ARM.attributes
                0x0000000000000582       0x22 /tmp/ccmIlhRM.o
 .ARM.attributes
                0x00000000000005a4       0x1e /usr/bin/../lib/gcc/arm-none-eabi/10.2.1/thumb/v6-m/nofp/libgcc.a(_dvmd_tls.o)
 .ARM.attributes
                0x00000000000005c2       0x2c /usr/bin/../lib/gcc/arm-none-eabi/10.2.1/../../../../arm-none-eabi/lib/thumb/v6-m/nofp/libc.a(lib_a-calloc.o)
 .ARM.attributes
                0x00000000000005ee       0x2c /usr/bin/../lib/gcc/arm-none-eabi/10.2.1/../../../../arm-none-eabi/lib/thumb/v6-m/nofp/libc.a(lib_a-callocr.o)
 .ARM.attributes
                0x000000000000061a       0x2c /usr/bin/../lib/gcc/arm-none-eabi/10.2.1/../../../../arm-none-eabi/lib/thumb/v6-m/nofp/libc.a(lib_a-impure.o)
 .ARM.attributes
                0x0000000000000646       0x2c /usr/bin/../lib/gcc/arm-none-eabi/10.2.1/../../../../arm-none-eabi/lib/thumb/v6-m/nofp/libc.a(lib_a-malloc.o)
 .ARM.attributes
                0x0000000000000672       0x2c /usr/bin/../lib/gcc/arm-none-eabi/10.2.1/../../../../arm-none-eabi/lib/thumb/v6-m/nofp/libc.a(lib_a-mallocr.o)
 .ARM.attributes
                0x000000000000069e       0x2c /usr/bin/../lib/gcc/arm-none-eabi/10.2.1/../../../../arm-none-eabi/lib/thumb/v6-m/nofp/libc.a(lib_a-mlock.o)
 .ARM.attributes
                0x00000000000006ca       0x2c /usr/bin/../lib/gcc/arm-none-eabi/10.2.1/../../../../arm-none-eabi/lib/thumb/v6-m/nofp/libc.a(lib_a-sbrkr.o)
 .ARM.attributes
                0x00000000000006f6       0x2c /usr/bin/../lib/gcc/arm-none-eabi/10.2.1/../../../../arm-none-eabi/lib/thumb/v6-m/nofp/libc.a(lib_a-strlen-stub.o)
 .ARM.attributes
                0x0000000000000722       0x2c /usr/bin/../lib/gcc/arm-none-eabi/10.2.1/../../../../arm-none-eabi/lib/thumb/v6-m/nofp/libc.a(lib_a-freer.o)
 .ARM.attributes
                0x000000000000074e       0x2c /usr/bin/../lib/gcc/arm-none-eabi/10.2.1/../../../../arm-none-eabi/lib/thumb/v6-m/nofp/libc.a(lib_a-lock.o)
 .ARM.attributes
                0x000000000000077a       0x2c /usr/bin/../lib/gcc/arm-none-eabi/10.2.1/../../../../arm-none-eabi/lib/thumb/v6-m/nofp/libc.a(lib_a-reent.o)

.comment        0x0000000000000000       0x4d
 .comment       0x0000000000000000       0x4d CMakeFiles/my_proj.dir/main.c.obj
                                         0x4e (size before relaxing)
 .comment       0x000000000000004d       0x4e CMakeFiles/my_proj.dir/home/exr0n/snap/raspberrypi_pico/pico-sdk/src/rp2_common/hardware_gpio/gpio.c.obj
 .comment       0x000000000000004d       0x4e CMakeFiles/my_proj.dir/home/exr0n/snap/raspberrypi_pico/pico-sdk/src/rp2_common/hardware_claim/claim.c.obj
 .comment       0x000000000000004d       0x4e CMakeFiles/my_proj.dir/home/exr0n/snap/raspberrypi_pico/pico-sdk/src/rp2_common/hardware_sync/sync.c.obj
 .comment       0x000000000000004d       0x4e CMakeFiles/my_proj.dir/home/exr0n/snap/raspberrypi_pico/pico-sdk/src/rp2_common/pico_platform/platform.c.obj
 .comment       0x000000000000004d       0x4e CMakeFiles/my_proj.dir/home/exr0n/snap/raspberrypi_pico/pico-sdk/src/common/pico_time/time.c.obj
 .comment       0x000000000000004d       0x4e CMakeFiles/my_proj.dir/home/exr0n/snap/raspberrypi_pico/pico-sdk/src/rp2_common/hardware_timer/timer.c.obj
 .comment       0x000000000000004d       0x4e CMakeFiles/my_proj.dir/home/exr0n/snap/raspberrypi_pico/pico-sdk/src/common/pico_sync/lock_core.c.obj
 .comment       0x000000000000004d       0x4e CMakeFiles/my_proj.dir/home/exr0n/snap/raspberrypi_pico/pico-sdk/src/common/pico_sync/mutex.c.obj
 .comment       0x000000000000004d       0x4e CMakeFiles/my_proj.dir/home/exr0n/snap/raspberrypi_pico/pico-sdk/src/common/pico_util/pheap.c.obj
 .comment       0x000000000000004d       0x4e CMakeFiles/my_proj.dir/home/exr0n/snap/raspberrypi_pico/pico-sdk/src/rp2_common/pico_runtime/runtime.c.obj
 .comment       0x000000000000004d       0x4e CMakeFiles/my_proj.dir/home/exr0n/snap/raspberrypi_pico/pico-sdk/src/rp2_common/hardware_clocks/clocks.c.obj
 .comment       0x000000000000004d       0x4e CMakeFiles/my_proj.dir/home/exr0n/snap/raspberrypi_pico/pico-sdk/src/rp2_common/hardware_watchdog/watchdog.c.obj
 .comment       0x000000000000004d       0x4e CMakeFiles/my_proj.dir/home/exr0n/snap/raspberrypi_pico/pico-sdk/src/rp2_common/hardware_xosc/xosc.c.obj
 .comment       0x000000000000004d       0x4e CMakeFiles/my_proj.dir/home/exr0n/snap/raspberrypi_pico/pico-sdk/src/rp2_common/hardware_pll/pll.c.obj
 .comment       0x000000000000004d       0x4e CMakeFiles/my_proj.dir/home/exr0n/snap/raspberrypi_pico/pico-sdk/src/rp2_common/hardware_irq/irq.c.obj
 .comment       0x000000000000004d       0x4e CMakeFiles/my_proj.dir/home/exr0n/snap/raspberrypi_pico/pico-sdk/src/rp2_common/pico_printf/printf.c.obj
 .comment       0x000000000000004d       0x4e CMakeFiles/my_proj.dir/home/exr0n/snap/raspberrypi_pico/pico-sdk/src/rp2_common/pico_bootrom/bootrom.c.obj
 .comment       0x000000000000004d       0x4e CMakeFiles/my_proj.dir/home/exr0n/snap/raspberrypi_pico/pico-sdk/src/rp2_common/pico_double/double_init_rom.c.obj
 .comment       0x000000000000004d       0x4e CMakeFiles/my_proj.dir/home/exr0n/snap/raspberrypi_pico/pico-sdk/src/rp2_common/pico_float/float_init_rom.c.obj
 .comment       0x000000000000004d       0x4e CMakeFiles/my_proj.dir/home/exr0n/snap/raspberrypi_pico/pico-sdk/src/rp2_common/pico_malloc/pico_malloc.c.obj
 .comment       0x000000000000004d       0x4e CMakeFiles/my_proj.dir/home/exr0n/snap/raspberrypi_pico/pico-sdk/src/rp2_common/pico_standard_link/binary_info.c.obj
 .comment       0x000000000000004d       0x4e CMakeFiles/my_proj.dir/home/exr0n/snap/raspberrypi_pico/pico-sdk/src/rp2_common/pico_stdio/stdio.c.obj

.debug_frame    0x0000000000000000      0x2b4
 .debug_frame   0x0000000000000000       0x28 /usr/bin/../lib/gcc/arm-none-eabi/10.2.1/../../../../arm-none-eabi/lib/thumb/v6-m/nofp/libc.a(lib_a-calloc.o)
 .debug_frame   0x0000000000000028       0x28 /usr/bin/../lib/gcc/arm-none-eabi/10.2.1/../../../../arm-none-eabi/lib/thumb/v6-m/nofp/libc.a(lib_a-callocr.o)
 .debug_frame   0x0000000000000050       0x40 /usr/bin/../lib/gcc/arm-none-eabi/10.2.1/../../../../arm-none-eabi/lib/thumb/v6-m/nofp/libc.a(lib_a-malloc.o)
 .debug_frame   0x0000000000000090       0x3c /usr/bin/../lib/gcc/arm-none-eabi/10.2.1/../../../../arm-none-eabi/lib/thumb/v6-m/nofp/libc.a(lib_a-mallocr.o)
 .debug_frame   0x00000000000000cc       0x40 /usr/bin/../lib/gcc/arm-none-eabi/10.2.1/../../../../arm-none-eabi/lib/thumb/v6-m/nofp/libc.a(lib_a-mlock.o)
 .debug_frame   0x000000000000010c       0x2c /usr/bin/../lib/gcc/arm-none-eabi/10.2.1/../../../../arm-none-eabi/lib/thumb/v6-m/nofp/libc.a(lib_a-sbrkr.o)
 .debug_frame   0x0000000000000138       0x28 /usr/bin/../lib/gcc/arm-none-eabi/10.2.1/../../../../arm-none-eabi/lib/thumb/v6-m/nofp/libc.a(lib_a-strlen-stub.o)
 .debug_frame   0x0000000000000160       0x54 /usr/bin/../lib/gcc/arm-none-eabi/10.2.1/../../../../arm-none-eabi/lib/thumb/v6-m/nofp/libc.a(lib_a-freer.o)
 .debug_frame   0x00000000000001b4       0xb0 /usr/bin/../lib/gcc/arm-none-eabi/10.2.1/../../../../arm-none-eabi/lib/thumb/v6-m/nofp/libc.a(lib_a-lock.o)
 .debug_frame   0x0000000000000264       0x50 /usr/bin/../lib/gcc/arm-none-eabi/10.2.1/../../../../arm-none-eabi/lib/thumb/v6-m/nofp/libc.a(lib_a-reent.o)
